329 classes
ast.AST.__new__(ast.Add) => made a Add
    and of what is derived from that => made a P
ast.AST.__new__(ast.And) => made a And
    and of what is derived from that => made a P
ast.AST.__new__(ast.AnnAssign) => made a AnnAssign
    and of what is derived from that => made a P
ast.AST.__new__(ast.Assert) => made a Assert
    and of what is derived from that => made a P
ast.AST.__new__(ast.Assign) => made a Assign
    and of what is derived from that => made a P
ast.AST.__new__(ast.AsyncFor) => made a AsyncFor
    and of what is derived from that => made a P
ast.AST.__new__(ast.AsyncFunctionDef) => made a AsyncFunctionDef
    and of what is derived from that => made a P
ast.AST.__new__(ast.AsyncWith) => made a AsyncWith
    and of what is derived from that => made a P
ast.AST.__new__(ast.Attribute) => made a Attribute
    and of what is derived from that => made a P
ast.AST.__new__(ast.AugAssign) => made a AugAssign
    and of what is derived from that => made a P
ast.AST.__new__(ast.Await) => made a Await
    and of what is derived from that => made a P
ast.AST.__new__(ast.BinOp) => made a BinOp
    and of what is derived from that => made a P
ast.AST.__new__(ast.BitAnd) => made a BitAnd
    and of what is derived from that => made a P
ast.AST.__new__(ast.BitOr) => made a BitOr
    and of what is derived from that => made a P
ast.AST.__new__(ast.BitXor) => made a BitXor
    and of what is derived from that => made a P
ast.AST.__new__(ast.BoolOp) => made a BoolOp
    and of what is derived from that => made a P
ast.AST.__new__(ast.Break) => made a Break
    and of what is derived from that => made a P
ast.AST.__new__(ast.Call) => made a Call
    and of what is derived from that => made a P
ast.AST.__new__(ast.ClassDef) => made a ClassDef
    and of what is derived from that => made a P
ast.AST.__new__(ast.Compare) => made a Compare
    and of what is derived from that => made a P
ast.AST.__new__(ast.Constant) => made a Constant
    and of what is derived from that => made a P
ast.AST.__new__(ast.Continue) => made a Continue
    and of what is derived from that => made a P
ast.AST.__new__(ast.Del) => made a Del
    and of what is derived from that => made a P
ast.AST.__new__(ast.Delete) => made a Delete
    and of what is derived from that => made a P
ast.AST.__new__(ast.Dict) => made a Dict
    and of what is derived from that => made a P
ast.AST.__new__(ast.DictComp) => made a DictComp
    and of what is derived from that => made a P
ast.AST.__new__(ast.Div) => made a Div
    and of what is derived from that => made a P
ast.AST.__new__(ast.Eq) => made a Eq
    and of what is derived from that => made a P
ast.AST.__new__(ast.ExceptHandler) => made a ExceptHandler
    and of what is derived from that => made a P
ast.AST.__new__(ast.Expr) => made a Expr
    and of what is derived from that => made a P
ast.AST.__new__(ast.Expression) => made a Expression
    and of what is derived from that => made a P
ast.AST.__new__(ast.FloorDiv) => made a FloorDiv
    and of what is derived from that => made a P
ast.AST.__new__(ast.For) => made a For
    and of what is derived from that => made a P
ast.AST.__new__(ast.FormattedValue) => made a FormattedValue
    and of what is derived from that => made a P
ast.AST.__new__(ast.FunctionDef) => made a FunctionDef
    and of what is derived from that => made a P
ast.AST.__new__(ast.FunctionType) => made a FunctionType
    and of what is derived from that => made a P
ast.AST.__new__(ast.GeneratorExp) => made a GeneratorExp
    and of what is derived from that => made a P
ast.AST.__new__(ast.Global) => made a Global
    and of what is derived from that => made a P
ast.AST.__new__(ast.Gt) => made a Gt
    and of what is derived from that => made a P
ast.AST.__new__(ast.GtE) => made a GtE
    and of what is derived from that => made a P
ast.AST.__new__(ast.If) => made a If
    and of what is derived from that => made a P
ast.AST.__new__(ast.IfExp) => made a IfExp
    and of what is derived from that => made a P
ast.AST.__new__(ast.Import) => made a Import
    and of what is derived from that => made a P
ast.AST.__new__(ast.ImportFrom) => made a ImportFrom
    and of what is derived from that => made a P
ast.AST.__new__(ast.In) => made a In
    and of what is derived from that => made a P
ast.AST.__new__(ast.Interactive) => made a Interactive
    and of what is derived from that => made a P
ast.AST.__new__(ast.Interpolation) => made a Interpolation
    and of what is derived from that => made a P
ast.AST.__new__(ast.Invert) => made a Invert
    and of what is derived from that => made a P
ast.AST.__new__(ast.Is) => made a Is
    and of what is derived from that => made a P
ast.AST.__new__(ast.IsNot) => made a IsNot
    and of what is derived from that => made a P
ast.AST.__new__(ast.JoinedStr) => made a JoinedStr
    and of what is derived from that => made a P
ast.AST.__new__(ast.LShift) => made a LShift
    and of what is derived from that => made a P
ast.AST.__new__(ast.Lambda) => made a Lambda
    and of what is derived from that => made a P
ast.AST.__new__(ast.List) => made a List
    and of what is derived from that => made a P
ast.AST.__new__(ast.ListComp) => made a ListComp
    and of what is derived from that => made a P
ast.AST.__new__(ast.Load) => made a Load
    and of what is derived from that => made a P
ast.AST.__new__(ast.Lt) => made a Lt
    and of what is derived from that => made a P
ast.AST.__new__(ast.LtE) => made a LtE
    and of what is derived from that => made a P
ast.AST.__new__(ast.MatMult) => made a MatMult
    and of what is derived from that => made a P
ast.AST.__new__(ast.Match) => made a Match
    and of what is derived from that => made a P
ast.AST.__new__(ast.MatchAs) => made a MatchAs
    and of what is derived from that => made a P
ast.AST.__new__(ast.MatchClass) => made a MatchClass
    and of what is derived from that => made a P
ast.AST.__new__(ast.MatchMapping) => made a MatchMapping
    and of what is derived from that => made a P
ast.AST.__new__(ast.MatchOr) => made a MatchOr
    and of what is derived from that => made a P
ast.AST.__new__(ast.MatchSequence) => made a MatchSequence
    and of what is derived from that => made a P
ast.AST.__new__(ast.MatchSingleton) => made a MatchSingleton
    and of what is derived from that => made a P
ast.AST.__new__(ast.MatchStar) => made a MatchStar
    and of what is derived from that => made a P
ast.AST.__new__(ast.MatchValue) => made a MatchValue
    and of what is derived from that => made a P
ast.AST.__new__(ast.Mod) => made a Mod
    and of what is derived from that => made a P
ast.AST.__new__(ast.Module) => made a Module
    and of what is derived from that => made a P
ast.AST.__new__(ast.Mult) => made a Mult
    and of what is derived from that => made a P
ast.AST.__new__(ast.Name) => made a Name
    and of what is derived from that => made a P
ast.AST.__new__(ast.NamedExpr) => made a NamedExpr
    and of what is derived from that => made a P
ast.AST.__new__(ast.Nonlocal) => made a Nonlocal
    and of what is derived from that => made a P
ast.AST.__new__(ast.Not) => made a Not
    and of what is derived from that => made a P
ast.AST.__new__(ast.NotEq) => made a NotEq
    and of what is derived from that => made a P
ast.AST.__new__(ast.NotIn) => made a NotIn
    and of what is derived from that => made a P
ast.AST.__new__(ast.Or) => made a Or
    and of what is derived from that => made a P
ast.AST.__new__(ast.ParamSpec) => made a ParamSpec
    and of what is derived from that => made a P
ast.AST.__new__(ast.Pass) => made a Pass
    and of what is derived from that => made a P
ast.AST.__new__(ast.Pow) => made a Pow
    and of what is derived from that => made a P
ast.AST.__new__(ast.RShift) => made a RShift
    and of what is derived from that => made a P
ast.AST.__new__(ast.Raise) => made a Raise
    and of what is derived from that => made a P
ast.AST.__new__(ast.Return) => made a Return
    and of what is derived from that => made a P
ast.AST.__new__(ast.Set) => made a Set
    and of what is derived from that => made a P
ast.AST.__new__(ast.SetComp) => made a SetComp
    and of what is derived from that => made a P
ast.AST.__new__(ast.Slice) => made a Slice
    and of what is derived from that => made a P
ast.AST.__new__(ast.Starred) => made a Starred
    and of what is derived from that => made a P
ast.AST.__new__(ast.Store) => made a Store
    and of what is derived from that => made a P
ast.AST.__new__(ast.Sub) => made a Sub
    and of what is derived from that => made a P
ast.AST.__new__(ast.Subscript) => made a Subscript
    and of what is derived from that => made a P
ast.AST.__new__(ast.TemplateStr) => made a TemplateStr
    and of what is derived from that => made a P
ast.AST.__new__(ast.Try) => made a Try
    and of what is derived from that => made a P
ast.AST.__new__(ast.TryStar) => made a TryStar
    and of what is derived from that => made a P
ast.AST.__new__(ast.Tuple) => made a Tuple
    and of what is derived from that => made a P
ast.AST.__new__(ast.TypeAlias) => made a TypeAlias
    and of what is derived from that => made a P
ast.AST.__new__(ast.TypeIgnore) => made a TypeIgnore
    and of what is derived from that => made a P
ast.AST.__new__(ast.TypeVar) => made a TypeVar
    and of what is derived from that => made a P
ast.AST.__new__(ast.TypeVarTuple) => made a TypeVarTuple
    and of what is derived from that => made a P
ast.AST.__new__(ast.UAdd) => made a UAdd
    and of what is derived from that => made a P
ast.AST.__new__(ast.USub) => made a USub
    and of what is derived from that => made a P
ast.AST.__new__(ast.UnaryOp) => made a UnaryOp
    and of what is derived from that => made a P
ast.AST.__new__(ast.While) => made a While
    and of what is derived from that => made a P
ast.AST.__new__(ast.With) => made a With
    and of what is derived from that => made a P
ast.AST.__new__(ast.Yield) => made a Yield
    and of what is derived from that => made a P
ast.AST.__new__(ast.YieldFrom) => made a YieldFrom
    and of what is derived from that => made a P
ast.AST.__new__(ast.alias) => made a alias
    and of what is derived from that => made a P
ast.AST.__new__(ast.arg) => made a arg
    and of what is derived from that => made a P
ast.AST.__new__(ast.arguments) => made a arguments
    and of what is derived from that => made a P
ast.AST.__new__(ast.boolop) => made a boolop
    and of what is derived from that => made a P
ast.AST.__new__(ast.cmpop) => made a cmpop
    and of what is derived from that => made a P
ast.AST.__new__(ast.comprehension) => made a comprehension
    and of what is derived from that => made a P
ast.AST.__new__(ast.excepthandler) => made a excepthandler
    and of what is derived from that => made a P
ast.AST.__new__(ast.expr) => made a expr
    and of what is derived from that => made a P
ast.AST.__new__(ast.expr_context) => made a expr_context
    and of what is derived from that => made a P
ast.AST.__new__(ast.keyword) => made a keyword
    and of what is derived from that => made a P
ast.AST.__new__(ast.match_case) => made a match_case
    and of what is derived from that => made a P
ast.AST.__new__(ast.mod) => made a mod
    and of what is derived from that => made a P
ast.AST.__new__(ast.operator) => made a operator
    and of what is derived from that => made a P
ast.AST.__new__(ast.pattern) => made a pattern
    and of what is derived from that => made a P
ast.AST.__new__(ast.stmt) => made a stmt
    and of what is derived from that => made a P
ast.AST.__new__(ast.type_ignore) => made a type_ignore
    and of what is derived from that => made a P
ast.AST.__new__(ast.type_param) => made a type_param
    and of what is derived from that => made a P
ast.AST.__new__(ast.unaryop) => made a unaryop
    and of what is derived from that => made a P
ast.AST.__new__(ast.withitem) => made a withitem
    and of what is derived from that => made a P
builtins.ArithmeticError.__new__(builtins.FloatingPointError) => made a FloatingPointError
    and of what is derived from that => made a P
builtins.ArithmeticError.__new__(builtins.OverflowError) => made a OverflowError
    and of what is derived from that => made a P
builtins.ArithmeticError.__new__(builtins.ZeroDivisionError) => made a ZeroDivisionError
    and of what is derived from that => made a P
builtins.BaseException.__new__(builtins.BaseExceptionGroup) => TypeError: BaseException.__new__(BaseExceptionGroup) is not safe, use BaseExceptionGroup.__new__()
    and of what is derived from that => TypeError: BaseException.__new__(P) is not safe, use P.__new__()
builtins.BaseException.__new__(builtins.BlockingIOError) => TypeError: BaseException.__new__(BlockingIOError) is not safe, use BlockingIOError.__new__()
    and of what is derived from that => TypeError: BaseException.__new__(P) is not safe, use P.__new__()
builtins.BaseException.__new__(builtins.BrokenPipeError) => TypeError: BaseException.__new__(BrokenPipeError) is not safe, use BrokenPipeError.__new__()
    and of what is derived from that => TypeError: BaseException.__new__(P) is not safe, use P.__new__()
builtins.BaseException.__new__(builtins.ChildProcessError) => TypeError: BaseException.__new__(ChildProcessError) is not safe, use ChildProcessError.__new__()
    and of what is derived from that => TypeError: BaseException.__new__(P) is not safe, use P.__new__()
builtins.BaseException.__new__(builtins.ConnectionAbortedError) => TypeError: BaseException.__new__(ConnectionAbortedError) is not safe, use ConnectionAbortedError.__new__()
    and of what is derived from that => TypeError: BaseException.__new__(P) is not safe, use P.__new__()
builtins.BaseException.__new__(builtins.ConnectionError) => TypeError: BaseException.__new__(ConnectionError) is not safe, use ConnectionError.__new__()
    and of what is derived from that => TypeError: BaseException.__new__(P) is not safe, use P.__new__()
builtins.BaseException.__new__(builtins.ConnectionRefusedError) => TypeError: BaseException.__new__(ConnectionRefusedError) is not safe, use ConnectionRefusedError.__new__()
    and of what is derived from that => TypeError: BaseException.__new__(P) is not safe, use P.__new__()
builtins.BaseException.__new__(builtins.ConnectionResetError) => TypeError: BaseException.__new__(ConnectionResetError) is not safe, use ConnectionResetError.__new__()
    and of what is derived from that => TypeError: BaseException.__new__(P) is not safe, use P.__new__()
builtins.BaseException.__new__(builtins.ExceptionGroup) => TypeError: BaseException.__new__(ExceptionGroup) is not safe, use ExceptionGroup.__new__()
    and of what is derived from that => TypeError: BaseException.__new__(P) is not safe, use P.__new__()
builtins.BaseException.__new__(builtins.FileExistsError) => TypeError: BaseException.__new__(FileExistsError) is not safe, use FileExistsError.__new__()
    and of what is derived from that => TypeError: BaseException.__new__(P) is not safe, use P.__new__()
builtins.BaseException.__new__(builtins.FileNotFoundError) => TypeError: BaseException.__new__(FileNotFoundError) is not safe, use FileNotFoundError.__new__()
    and of what is derived from that => TypeError: BaseException.__new__(P) is not safe, use P.__new__()
builtins.BaseException.__new__(builtins.InterruptedError) => TypeError: BaseException.__new__(InterruptedError) is not safe, use InterruptedError.__new__()
    and of what is derived from that => TypeError: BaseException.__new__(P) is not safe, use P.__new__()
builtins.BaseException.__new__(builtins.IsADirectoryError) => TypeError: BaseException.__new__(IsADirectoryError) is not safe, use IsADirectoryError.__new__()
    and of what is derived from that => TypeError: BaseException.__new__(P) is not safe, use P.__new__()
builtins.BaseException.__new__(builtins.MemoryError) => TypeError: BaseException.__new__(MemoryError) is not safe, use MemoryError.__new__()
    and of what is derived from that => TypeError: BaseException.__new__(P) is not safe, use P.__new__()
builtins.BaseException.__new__(builtins.NotADirectoryError) => TypeError: BaseException.__new__(NotADirectoryError) is not safe, use NotADirectoryError.__new__()
    and of what is derived from that => TypeError: BaseException.__new__(P) is not safe, use P.__new__()
builtins.BaseException.__new__(builtins.OSError) => TypeError: BaseException.__new__(OSError) is not safe, use OSError.__new__()
    and of what is derived from that => TypeError: BaseException.__new__(P) is not safe, use P.__new__()
builtins.BaseException.__new__(builtins.PermissionError) => TypeError: BaseException.__new__(PermissionError) is not safe, use PermissionError.__new__()
    and of what is derived from that => TypeError: BaseException.__new__(P) is not safe, use P.__new__()
builtins.BaseException.__new__(builtins.ProcessLookupError) => TypeError: BaseException.__new__(ProcessLookupError) is not safe, use ProcessLookupError.__new__()
    and of what is derived from that => TypeError: BaseException.__new__(P) is not safe, use P.__new__()
builtins.BaseException.__new__(builtins.TimeoutError) => TypeError: BaseException.__new__(TimeoutError) is not safe, use TimeoutError.__new__()
    and of what is derived from that => TypeError: BaseException.__new__(P) is not safe, use P.__new__()
builtins.BaseException.__new__(io.UnsupportedOperation) => TypeError: BaseException.__new__(UnsupportedOperation) is not safe, use UnsupportedOperation.__new__()
    and of what is derived from that => TypeError: BaseException.__new__(P) is not safe, use P.__new__()
builtins.BaseException.__new__(signal.ItimerError) => TypeError: BaseException.__new__(ItimerError) is not safe, use ItimerError.__new__()
    and of what is derived from that => TypeError: BaseException.__new__(P) is not safe, use P.__new__()
builtins.BaseExceptionGroup.__new__(builtins.ExceptionGroup) => TypeError: BaseExceptionGroup.__new__() takes exactly 2 arguments (0 given)
    and of what is derived from that => TypeError: BaseExceptionGroup.__new__() takes exactly 2 arguments (0 given)
builtins.Exception.__new__(builtins.ArithmeticError) => made a ArithmeticError
    and of what is derived from that => made a P
builtins.Exception.__new__(builtins.AssertionError) => made a AssertionError
    and of what is derived from that => made a P
builtins.Exception.__new__(builtins.AttributeError) => made a AttributeError
    and of what is derived from that => made a P
builtins.Exception.__new__(builtins.BlockingIOError) => TypeError: Exception.__new__(BlockingIOError) is not safe, use BlockingIOError.__new__()
    and of what is derived from that => TypeError: Exception.__new__(P) is not safe, use P.__new__()
builtins.Exception.__new__(builtins.BrokenPipeError) => TypeError: Exception.__new__(BrokenPipeError) is not safe, use BrokenPipeError.__new__()
    and of what is derived from that => TypeError: Exception.__new__(P) is not safe, use P.__new__()
builtins.Exception.__new__(builtins.BufferError) => made a BufferError
    and of what is derived from that => made a P
builtins.Exception.__new__(builtins.BytesWarning) => made a BytesWarning
    and of what is derived from that => made a P
builtins.Exception.__new__(builtins.ChildProcessError) => TypeError: Exception.__new__(ChildProcessError) is not safe, use ChildProcessError.__new__()
    and of what is derived from that => TypeError: Exception.__new__(P) is not safe, use P.__new__()
builtins.Exception.__new__(builtins.ConnectionAbortedError) => TypeError: Exception.__new__(ConnectionAbortedError) is not safe, use ConnectionAbortedError.__new__()
    and of what is derived from that => TypeError: Exception.__new__(P) is not safe, use P.__new__()
builtins.Exception.__new__(builtins.ConnectionError) => TypeError: Exception.__new__(ConnectionError) is not safe, use ConnectionError.__new__()
    and of what is derived from that => TypeError: Exception.__new__(P) is not safe, use P.__new__()
builtins.Exception.__new__(builtins.ConnectionRefusedError) => TypeError: Exception.__new__(ConnectionRefusedError) is not safe, use ConnectionRefusedError.__new__()
    and of what is derived from that => TypeError: Exception.__new__(P) is not safe, use P.__new__()
builtins.Exception.__new__(builtins.ConnectionResetError) => TypeError: Exception.__new__(ConnectionResetError) is not safe, use ConnectionResetError.__new__()
    and of what is derived from that => TypeError: Exception.__new__(P) is not safe, use P.__new__()
builtins.Exception.__new__(builtins.DeprecationWarning) => made a DeprecationWarning
    and of what is derived from that => made a P
builtins.Exception.__new__(builtins.EOFError) => made a EOFError
    and of what is derived from that => made a P
builtins.Exception.__new__(builtins.EncodingWarning) => made a EncodingWarning
    and of what is derived from that => made a P
builtins.Exception.__new__(builtins.ExceptionGroup) => TypeError: Exception.__new__(ExceptionGroup) is not safe, use ExceptionGroup.__new__()
    and of what is derived from that => TypeError: Exception.__new__(P) is not safe, use P.__new__()
builtins.Exception.__new__(builtins.FileExistsError) => TypeError: Exception.__new__(FileExistsError) is not safe, use FileExistsError.__new__()
    and of what is derived from that => TypeError: Exception.__new__(P) is not safe, use P.__new__()
builtins.Exception.__new__(builtins.FileNotFoundError) => TypeError: Exception.__new__(FileNotFoundError) is not safe, use FileNotFoundError.__new__()
    and of what is derived from that => TypeError: Exception.__new__(P) is not safe, use P.__new__()
builtins.Exception.__new__(builtins.FloatingPointError) => made a FloatingPointError
    and of what is derived from that => made a P
builtins.Exception.__new__(builtins.FutureWarning) => made a FutureWarning
    and of what is derived from that => made a P
builtins.Exception.__new__(builtins.ImportError) => made a ImportError
    and of what is derived from that => made a P
builtins.Exception.__new__(builtins.ImportWarning) => made a ImportWarning
    and of what is derived from that => made a P
builtins.Exception.__new__(builtins.IndentationError) => made a IndentationError
    and of what is derived from that => made a P
builtins.Exception.__new__(builtins.IndexError) => made a IndexError
    and of what is derived from that => made a P
builtins.Exception.__new__(builtins.InterruptedError) => TypeError: Exception.__new__(InterruptedError) is not safe, use InterruptedError.__new__()
    and of what is derived from that => TypeError: Exception.__new__(P) is not safe, use P.__new__()
builtins.Exception.__new__(builtins.IsADirectoryError) => TypeError: Exception.__new__(IsADirectoryError) is not safe, use IsADirectoryError.__new__()
    and of what is derived from that => TypeError: Exception.__new__(P) is not safe, use P.__new__()
builtins.Exception.__new__(builtins.KeyError) => made a KeyError
    and of what is derived from that => made a P
builtins.Exception.__new__(builtins.LookupError) => made a LookupError
    and of what is derived from that => made a P
builtins.Exception.__new__(builtins.MemoryError) => TypeError: Exception.__new__(MemoryError) is not safe, use MemoryError.__new__()
    and of what is derived from that => TypeError: Exception.__new__(P) is not safe, use P.__new__()
builtins.Exception.__new__(builtins.ModuleNotFoundError) => made a ModuleNotFoundError
    and of what is derived from that => made a P
builtins.Exception.__new__(builtins.NameError) => made a NameError
    and of what is derived from that => made a P
builtins.Exception.__new__(builtins.NotADirectoryError) => TypeError: Exception.__new__(NotADirectoryError) is not safe, use NotADirectoryError.__new__()
    and of what is derived from that => TypeError: Exception.__new__(P) is not safe, use P.__new__()
builtins.Exception.__new__(builtins.NotImplementedError) => made a NotImplementedError
    and of what is derived from that => made a P
builtins.Exception.__new__(builtins.OSError) => TypeError: Exception.__new__(OSError) is not safe, use OSError.__new__()
    and of what is derived from that => TypeError: Exception.__new__(P) is not safe, use P.__new__()
builtins.Exception.__new__(builtins.OverflowError) => made a OverflowError
    and of what is derived from that => made a P
builtins.Exception.__new__(builtins.PendingDeprecationWarning) => made a PendingDeprecationWarning
    and of what is derived from that => made a P
builtins.Exception.__new__(builtins.PermissionError) => TypeError: Exception.__new__(PermissionError) is not safe, use PermissionError.__new__()
    and of what is derived from that => TypeError: Exception.__new__(P) is not safe, use P.__new__()
builtins.Exception.__new__(builtins.ProcessLookupError) => TypeError: Exception.__new__(ProcessLookupError) is not safe, use ProcessLookupError.__new__()
    and of what is derived from that => TypeError: Exception.__new__(P) is not safe, use P.__new__()
builtins.Exception.__new__(builtins.PythonFinalizationError) => made a PythonFinalizationError
    and of what is derived from that => made a P
builtins.Exception.__new__(builtins.RecursionError) => made a RecursionError
    and of what is derived from that => made a P
builtins.Exception.__new__(builtins.ReferenceError) => made a ReferenceError
    and of what is derived from that => made a P
builtins.Exception.__new__(builtins.ResourceWarning) => made a ResourceWarning
    and of what is derived from that => made a P
builtins.Exception.__new__(builtins.RuntimeError) => made a RuntimeError
    and of what is derived from that => made a P
builtins.Exception.__new__(builtins.RuntimeWarning) => made a RuntimeWarning
    and of what is derived from that => made a P
builtins.Exception.__new__(builtins.StopAsyncIteration) => made a StopAsyncIteration
    and of what is derived from that => made a P
builtins.Exception.__new__(builtins.StopIteration) => made a StopIteration
    and of what is derived from that => made a P
builtins.Exception.__new__(builtins.SyntaxError) => made a SyntaxError
    and of what is derived from that => made a P
builtins.Exception.__new__(builtins.SyntaxWarning) => made a SyntaxWarning
    and of what is derived from that => made a P
builtins.Exception.__new__(builtins.SystemError) => made a SystemError
    and of what is derived from that => made a P
builtins.Exception.__new__(builtins.TabError) => made a TabError
    and of what is derived from that => made a P
builtins.Exception.__new__(builtins.TimeoutError) => TypeError: Exception.__new__(TimeoutError) is not safe, use TimeoutError.__new__()
    and of what is derived from that => TypeError: Exception.__new__(P) is not safe, use P.__new__()
builtins.Exception.__new__(builtins.TypeError) => made a TypeError
    and of what is derived from that => made a P
builtins.Exception.__new__(builtins.UnboundLocalError) => made a UnboundLocalError
    and of what is derived from that => made a P
builtins.Exception.__new__(builtins.UnicodeDecodeError) => made a UnicodeDecodeError
    and of what is derived from that => made a P
builtins.Exception.__new__(builtins.UnicodeEncodeError) => made a UnicodeEncodeError
    and of what is derived from that => made a P
builtins.Exception.__new__(builtins.UnicodeError) => made a UnicodeError
    and of what is derived from that => made a P
builtins.Exception.__new__(builtins.UnicodeTranslateError) => made a UnicodeTranslateError
    and of what is derived from that => made a P
builtins.Exception.__new__(builtins.UnicodeWarning) => made a UnicodeWarning
    and of what is derived from that => made a P
builtins.Exception.__new__(builtins.UserWarning) => made a UserWarning
    and of what is derived from that => made a P
builtins.Exception.__new__(builtins.ValueError) => made a ValueError
    and of what is derived from that => made a P
builtins.Exception.__new__(builtins.Warning) => made a Warning
    and of what is derived from that => made a P
builtins.Exception.__new__(builtins.ZeroDivisionError) => made a ZeroDivisionError
    and of what is derived from that => made a P
builtins.Exception.__new__(builtins._IncompleteInputError) => made a _IncompleteInputError
    and of what is derived from that => made a P
builtins.Exception.__new__(io.UnsupportedOperation) => TypeError: Exception.__new__(UnsupportedOperation) is not safe, use UnsupportedOperation.__new__()
    and of what is derived from that => TypeError: Exception.__new__(P) is not safe, use P.__new__()
builtins.Exception.__new__(signal.ItimerError) => TypeError: Exception.__new__(ItimerError) is not safe, use ItimerError.__new__()
    and of what is derived from that => TypeError: Exception.__new__(P) is not safe, use P.__new__()
builtins.Exception.__new__(struct.error) => made a error
    and of what is derived from that => made a P
builtins.LookupError.__new__(builtins.IndexError) => made a IndexError
    and of what is derived from that => made a P
builtins.LookupError.__new__(builtins.KeyError) => made a KeyError
    and of what is derived from that => made a P
builtins.OSError.__new__(builtins.BlockingIOError) => made a BlockingIOError
    and of what is derived from that => made a P
builtins.OSError.__new__(builtins.BrokenPipeError) => made a BrokenPipeError
    and of what is derived from that => made a P
builtins.OSError.__new__(builtins.ChildProcessError) => made a ChildProcessError
    and of what is derived from that => made a P
builtins.OSError.__new__(builtins.ConnectionAbortedError) => made a ConnectionAbortedError
    and of what is derived from that => made a P
builtins.OSError.__new__(builtins.ConnectionError) => made a ConnectionError
    and of what is derived from that => made a P
builtins.OSError.__new__(builtins.ConnectionRefusedError) => made a ConnectionRefusedError
    and of what is derived from that => made a P
builtins.OSError.__new__(builtins.ConnectionResetError) => made a ConnectionResetError
    and of what is derived from that => made a P
builtins.OSError.__new__(builtins.FileExistsError) => made a FileExistsError
    and of what is derived from that => made a P
builtins.OSError.__new__(builtins.FileNotFoundError) => made a FileNotFoundError
    and of what is derived from that => made a P
builtins.OSError.__new__(builtins.InterruptedError) => made a InterruptedError
    and of what is derived from that => made a P
builtins.OSError.__new__(builtins.IsADirectoryError) => made a IsADirectoryError
    and of what is derived from that => made a P
builtins.OSError.__new__(builtins.NotADirectoryError) => made a NotADirectoryError
    and of what is derived from that => made a P
builtins.OSError.__new__(builtins.PermissionError) => made a PermissionError
    and of what is derived from that => made a P
builtins.OSError.__new__(builtins.ProcessLookupError) => made a ProcessLookupError
    and of what is derived from that => made a P
builtins.OSError.__new__(builtins.TimeoutError) => made a TimeoutError
    and of what is derived from that => made a P
builtins.OSError.__new__(io.UnsupportedOperation) => made a UnsupportedOperation
    and of what is derived from that => made a P
builtins.OSError.__new__(signal.ItimerError) => made a ItimerError
    and of what is derived from that => made a P
builtins.RuntimeError.__new__(builtins.NotImplementedError) => made a NotImplementedError
    and of what is derived from that => made a P
builtins.RuntimeError.__new__(builtins.PythonFinalizationError) => made a PythonFinalizationError
    and of what is derived from that => made a P
builtins.RuntimeError.__new__(builtins.RecursionError) => made a RecursionError
    and of what is derived from that => made a P
builtins.UnicodeError.__new__(builtins.UnicodeDecodeError) => made a UnicodeDecodeError
    and of what is derived from that => made a P
builtins.UnicodeError.__new__(builtins.UnicodeEncodeError) => made a UnicodeEncodeError
    and of what is derived from that => made a P
builtins.UnicodeError.__new__(builtins.UnicodeTranslateError) => made a UnicodeTranslateError
    and of what is derived from that => made a P
builtins.ValueError.__new__(builtins.UnicodeDecodeError) => made a UnicodeDecodeError
    and of what is derived from that => made a P
builtins.ValueError.__new__(builtins.UnicodeEncodeError) => made a UnicodeEncodeError
    and of what is derived from that => made a P
builtins.ValueError.__new__(builtins.UnicodeError) => made a UnicodeError
    and of what is derived from that => made a P
builtins.ValueError.__new__(builtins.UnicodeTranslateError) => made a UnicodeTranslateError
    and of what is derived from that => made a P
builtins.ValueError.__new__(io.UnsupportedOperation) => TypeError: ValueError.__new__(UnsupportedOperation) is not safe, use UnsupportedOperation.__new__()
    and of what is derived from that => TypeError: ValueError.__new__(P) is not safe, use P.__new__()
builtins.Warning.__new__(builtins.BytesWarning) => made a BytesWarning
    and of what is derived from that => made a P
builtins.Warning.__new__(builtins.DeprecationWarning) => made a DeprecationWarning
    and of what is derived from that => made a P
builtins.Warning.__new__(builtins.EncodingWarning) => made a EncodingWarning
    and of what is derived from that => made a P
builtins.Warning.__new__(builtins.FutureWarning) => made a FutureWarning
    and of what is derived from that => made a P
builtins.Warning.__new__(builtins.ImportWarning) => made a ImportWarning
    and of what is derived from that => made a P
builtins.Warning.__new__(builtins.PendingDeprecationWarning) => made a PendingDeprecationWarning
    and of what is derived from that => made a P
builtins.Warning.__new__(builtins.ResourceWarning) => made a ResourceWarning
    and of what is derived from that => made a P
builtins.Warning.__new__(builtins.RuntimeWarning) => made a RuntimeWarning
    and of what is derived from that => made a P
builtins.Warning.__new__(builtins.SyntaxWarning) => made a SyntaxWarning
    and of what is derived from that => made a P
builtins.Warning.__new__(builtins.UnicodeWarning) => made a UnicodeWarning
    and of what is derived from that => made a P
builtins.Warning.__new__(builtins.UserWarning) => made a UserWarning
    and of what is derived from that => made a P
builtins.dict.__new__(collections.defaultdict) => made a defaultdict
    and of what is derived from that => made a P
builtins.int.__new__(builtins.bool) => TypeError: int.__new__(bool) is not safe, use bool.__new__()
builtins.object.__new__(_contextvars.Context) => TypeError: object.__new__(_contextvars.Context) is not safe, use _contextvars.Context.__new__()
builtins.object.__new__(_contextvars.ContextVar) => TypeError: object.__new__(_contextvars.ContextVar) is not safe, use _contextvars.ContextVar.__new__()
builtins.object.__new__(_contextvars.Token) => TypeError: object.__new__(_contextvars.Token) is not safe, use _contextvars.Token.__new__()
builtins.object.__new__(_io.BytesIO) => TypeError: object.__new__(_io.BytesIO) is not safe, use _io.BytesIO.__new__()
    and of what is derived from that => TypeError: object.__new__(P) is not safe, use P.__new__()
builtins.object.__new__(_io.FileIO) => TypeError: object.__new__(_io.FileIO) is not safe, use _io.FileIO.__new__()
    and of what is derived from that => TypeError: object.__new__(P) is not safe, use P.__new__()
builtins.object.__new__(_io.StringIO) => TypeError: object.__new__(_io.StringIO) is not safe, use _io.StringIO.__new__()
    and of what is derived from that => TypeError: object.__new__(P) is not safe, use P.__new__()
builtins.object.__new__(_io._BytesIOBuffer) => TypeError: cannot create '_io._BytesIOBuffer' instances
builtins.object.__new__(_random.Random) => TypeError: object.__new__(_random.Random) is not safe, use _random.Random.__new__()
    and of what is derived from that => TypeError: object.__new__(P) is not safe, use P.__new__()
builtins.object.__new__(_struct.Struct) => TypeError: object.__new__(_struct.Struct) is not safe, use _struct.Struct.__new__()
    and of what is derived from that => TypeError: object.__new__(P) is not safe, use P.__new__()
builtins.object.__new__(_thread.RLock) => TypeError: object.__new__(_thread.RLock) is not safe, use _thread.RLock.__new__()
    and of what is derived from that => TypeError: object.__new__(P) is not safe, use P.__new__()
builtins.object.__new__(_thread._ExceptHookArgs) => TypeError: object.__new__(_thread._ExceptHookArgs) is not safe, use _thread._ExceptHookArgs.__new__()
builtins.object.__new__(_thread._ThreadHandle) => TypeError: object.__new__(_thread._ThreadHandle) is not safe, use _thread._ThreadHandle.__new__()
builtins.object.__new__(_thread._local) => TypeError: object.__new__(_thread._local) is not safe, use _thread._local.__new__()
    and of what is derived from that => TypeError: object.__new__(P) is not safe, use P.__new__()
builtins.object.__new__(_thread.lock) => TypeError: object.__new__(_thread.lock) is not safe, use _thread.lock.__new__()
builtins.object.__new__(_tokenize.TokenizerIter) => TypeError: object.__new__(_tokenize.TokenizerIter) is not safe, use _tokenize.TokenizerIter.__new__()
builtins.object.__new__(ast.AST) => TypeError: object.__new__(ast.AST) is not safe, use ast.AST.__new__()
    and of what is derived from that => TypeError: object.__new__(P) is not safe, use P.__new__()
builtins.object.__new__(collections._deque_iterator) => TypeError: object.__new__(collections._deque_iterator) is not safe, use collections._deque_iterator.__new__()
builtins.object.__new__(collections._deque_reverse_iterator) => TypeError: object.__new__(collections._deque_reverse_iterator) is not safe, use collections._deque_reverse_iterator.__new__()
builtins.object.__new__(collections._tuplegetter) => TypeError: object.__new__(collections._tuplegetter) is not safe, use collections._tuplegetter.__new__()
builtins.object.__new__(collections.defaultdict) => TypeError: object.__new__(collections.defaultdict) is not safe, use collections.defaultdict.__new__()
    and of what is derived from that => TypeError: object.__new__(P) is not safe, use P.__new__()
builtins.object.__new__(collections.deque) => TypeError: object.__new__(collections.deque) is not safe, use collections.deque.__new__()
    and of what is derived from that => TypeError: object.__new__(P) is not safe, use P.__new__()
builtins.object.__new__(itertools._grouper) => TypeError: object.__new__(itertools._grouper) is not safe, use itertools._grouper.__new__()
builtins.object.__new__(itertools._tee) => TypeError: object.__new__(itertools._tee) is not safe, use itertools._tee.__new__()
builtins.object.__new__(itertools._tee_dataobject) => TypeError: object.__new__(itertools._tee_dataobject) is not safe, use itertools._tee_dataobject.__new__()
builtins.object.__new__(itertools.accumulate) => TypeError: object.__new__(itertools.accumulate) is not safe, use itertools.accumulate.__new__()
    and of what is derived from that => TypeError: object.__new__(P) is not safe, use P.__new__()
builtins.object.__new__(itertools.batched) => TypeError: object.__new__(itertools.batched) is not safe, use itertools.batched.__new__()
    and of what is derived from that => TypeError: object.__new__(P) is not safe, use P.__new__()
builtins.object.__new__(itertools.chain) => TypeError: object.__new__(itertools.chain) is not safe, use itertools.chain.__new__()
    and of what is derived from that => TypeError: object.__new__(P) is not safe, use P.__new__()
builtins.object.__new__(itertools.combinations) => TypeError: object.__new__(itertools.combinations) is not safe, use itertools.combinations.__new__()
    and of what is derived from that => TypeError: object.__new__(P) is not safe, use P.__new__()
builtins.object.__new__(itertools.combinations_with_replacement) => TypeError: object.__new__(itertools.combinations_with_replacement) is not safe, use itertools.combinations_with_replacement.__new__()
    and of what is derived from that => TypeError: object.__new__(P) is not safe, use P.__new__()
builtins.object.__new__(itertools.compress) => TypeError: object.__new__(itertools.compress) is not safe, use itertools.compress.__new__()
    and of what is derived from that => TypeError: object.__new__(P) is not safe, use P.__new__()
builtins.object.__new__(itertools.count) => TypeError: object.__new__(itertools.count) is not safe, use itertools.count.__new__()
    and of what is derived from that => TypeError: object.__new__(P) is not safe, use P.__new__()
builtins.object.__new__(itertools.cycle) => TypeError: object.__new__(itertools.cycle) is not safe, use itertools.cycle.__new__()
    and of what is derived from that => TypeError: object.__new__(P) is not safe, use P.__new__()
builtins.object.__new__(itertools.dropwhile) => TypeError: object.__new__(itertools.dropwhile) is not safe, use itertools.dropwhile.__new__()
    and of what is derived from that => TypeError: object.__new__(P) is not safe, use P.__new__()
builtins.object.__new__(itertools.filterfalse) => TypeError: object.__new__(itertools.filterfalse) is not safe, use itertools.filterfalse.__new__()
    and of what is derived from that => TypeError: object.__new__(P) is not safe, use P.__new__()
builtins.object.__new__(itertools.groupby) => TypeError: object.__new__(itertools.groupby) is not safe, use itertools.groupby.__new__()
    and of what is derived from that => TypeError: object.__new__(P) is not safe, use P.__new__()
builtins.object.__new__(itertools.islice) => TypeError: object.__new__(itertools.islice) is not safe, use itertools.islice.__new__()
    and of what is derived from that => TypeError: object.__new__(P) is not safe, use P.__new__()
builtins.object.__new__(itertools.pairwise) => TypeError: object.__new__(itertools.pairwise) is not safe, use itertools.pairwise.__new__()
    and of what is derived from that => TypeError: object.__new__(P) is not safe, use P.__new__()
builtins.object.__new__(itertools.permutations) => TypeError: object.__new__(itertools.permutations) is not safe, use itertools.permutations.__new__()
    and of what is derived from that => TypeError: object.__new__(P) is not safe, use P.__new__()
builtins.object.__new__(itertools.product) => TypeError: object.__new__(itertools.product) is not safe, use itertools.product.__new__()
    and of what is derived from that => TypeError: object.__new__(P) is not safe, use P.__new__()
builtins.object.__new__(itertools.repeat) => TypeError: object.__new__(itertools.repeat) is not safe, use itertools.repeat.__new__()
    and of what is derived from that => TypeError: object.__new__(P) is not safe, use P.__new__()
builtins.object.__new__(itertools.starmap) => TypeError: object.__new__(itertools.starmap) is not safe, use itertools.starmap.__new__()
    and of what is derived from that => TypeError: object.__new__(P) is not safe, use P.__new__()
builtins.object.__new__(itertools.takewhile) => TypeError: object.__new__(itertools.takewhile) is not safe, use itertools.takewhile.__new__()
    and of what is derived from that => TypeError: object.__new__(P) is not safe, use P.__new__()
builtins.object.__new__(itertools.zip_longest) => TypeError: object.__new__(itertools.zip_longest) is not safe, use itertools.zip_longest.__new__()
    and of what is derived from that => TypeError: object.__new__(P) is not safe, use P.__new__()
builtins.object.__new__(os.stat_result) => TypeError: object.__new__(os.stat_result) is not safe, use os.stat_result.__new__()
builtins.object.__new__(os.statvfs_result) => TypeError: object.__new__(os.statvfs_result) is not safe, use os.statvfs_result.__new__()
builtins.object.__new__(os.terminal_size) => TypeError: object.__new__(os.terminal_size) is not safe, use os.terminal_size.__new__()
builtins.object.__new__(posix.DirEntry) => TypeError: cannot create 'posix.DirEntry' instances
builtins.object.__new__(posix.times_result) => TypeError: object.__new__(posix.times_result) is not safe, use posix.times_result.__new__()
builtins.object.__new__(posix.uname_result) => TypeError: object.__new__(posix.uname_result) is not safe, use posix.uname_result.__new__()
builtins.object.__new__(posix.waitid_result) => TypeError: object.__new__(posix.waitid_result) is not safe, use posix.waitid_result.__new__()
builtins.object.__new__(select.kevent) => TypeError: object.__new__(select.kevent) is not safe, use select.kevent.__new__()
builtins.object.__new__(select.kqueue) => TypeError: object.__new__(select.kqueue) is not safe, use select.kqueue.__new__()
builtins.object.__new__(sys.flags) => TypeError: cannot create 'sys.flags' instances
builtins.object.__new__(sys.float_info) => TypeError: object.__new__(sys.float_info) is not safe, use sys.float_info.__new__()
builtins.object.__new__(sys.version_info) => TypeError: cannot create 'sys.version_info' instances
builtins.object.__new__(time.struct_time) => TypeError: object.__new__(time.struct_time) is not safe, use time.struct_time.__new__()
builtins.object.__new__(types.GenericAlias) => TypeError: object.__new__(types.GenericAlias) is not safe, use types.GenericAlias.__new__()
    and of what is derived from that => TypeError: object.__new__(P) is not safe, use P.__new__()
builtins.object.__new__(types.SimpleNamespace) => TypeError: object.__new__(types.SimpleNamespace) is not safe, use types.SimpleNamespace.__new__()
    and of what is derived from that => TypeError: object.__new__(P) is not safe, use P.__new__()
builtins.object.__new__(typing.ParamSpec) => TypeError: object.__new__(typing.ParamSpec) is not safe, use typing.ParamSpec.__new__()
builtins.object.__new__(typing.ParamSpecArgs) => TypeError: object.__new__(typing.ParamSpecArgs) is not safe, use typing.ParamSpecArgs.__new__()
builtins.object.__new__(typing.ParamSpecKwargs) => TypeError: object.__new__(typing.ParamSpecKwargs) is not safe, use typing.ParamSpecKwargs.__new__()
builtins.object.__new__(typing.TypeAliasType) => TypeError: object.__new__(typing.TypeAliasType) is not safe, use typing.TypeAliasType.__new__()
builtins.object.__new__(typing.TypeVar) => TypeError: object.__new__(typing.TypeVar) is not safe, use typing.TypeVar.__new__()
builtins.object.__new__(typing.TypeVarTuple) => TypeError: object.__new__(typing.TypeVarTuple) is not safe, use typing.TypeVarTuple.__new__()
builtins.object.__new__(typing.Union) => TypeError: cannot create 'typing.Union' instances
builtins.object.__new__(unicodedata.UCD) => TypeError: cannot create 'unicodedata.UCD' instances
builtins.object.__new__(weakref.CallableProxyType) => TypeError: cannot create 'weakref.CallableProxyType' instances
builtins.object.__new__(weakref.ProxyType) => TypeError: cannot create 'weakref.ProxyType' instances
builtins.object.__new__(weakref.ReferenceType) => TypeError: object.__new__(weakref.ReferenceType) is not safe, use weakref.ReferenceType.__new__()
    and of what is derived from that => TypeError: object.__new__(P) is not safe, use P.__new__()
builtins.tuple.__new__(_thread._ExceptHookArgs) => TypeError: tuple.__new__(_thread._ExceptHookArgs) is not safe, use _thread._ExceptHookArgs.__new__()
builtins.tuple.__new__(os.stat_result) => TypeError: tuple.__new__(os.stat_result) is not safe, use os.stat_result.__new__()
builtins.tuple.__new__(os.statvfs_result) => TypeError: tuple.__new__(os.statvfs_result) is not safe, use os.statvfs_result.__new__()
builtins.tuple.__new__(os.terminal_size) => TypeError: tuple.__new__(os.terminal_size) is not safe, use os.terminal_size.__new__()
builtins.tuple.__new__(posix.times_result) => TypeError: tuple.__new__(posix.times_result) is not safe, use posix.times_result.__new__()
builtins.tuple.__new__(posix.uname_result) => TypeError: tuple.__new__(posix.uname_result) is not safe, use posix.uname_result.__new__()
builtins.tuple.__new__(posix.waitid_result) => TypeError: tuple.__new__(posix.waitid_result) is not safe, use posix.waitid_result.__new__()
builtins.tuple.__new__(sys.flags) => TypeError: cannot create 'sys.flags' instances
builtins.tuple.__new__(sys.float_info) => TypeError: tuple.__new__(sys.float_info) is not safe, use sys.float_info.__new__()
builtins.tuple.__new__(sys.version_info) => TypeError: cannot create 'sys.version_info' instances
builtins.tuple.__new__(time.struct_time) => TypeError: tuple.__new__(time.struct_time) is not safe, use time.struct_time.__new__()
648 pairs: 277 made, 371 refused
---- what is made can be used
BaseException OSError => TypeError: BaseException.__new__(OSError) is not safe, use OSError.__new__()
BaseException KeyError => ('KeyError', "KeyError('k')", "'k'", ('k',), [])
Exception ValueError => ('ValueError', 'ValueError(1, 2)', '(1, 2)', (1, 2), [])
OSError FileNotFoundError => ('FileNotFoundError', "FileNotFoundError(2, 'x')", '[Errno 2] x', (2, 'x'), [('errno', 2), ('filename', None)])
BaseException SyntaxError => ('SyntaxError', 'SyntaxError()', 'None', (), [('filename', None), ('msg', None), ('lineno', None)])
BaseException StopIteration => ('StopIteration', 'StopIteration(5)', '5', (5,), [('value', None)])
BaseException SystemExit => ('SystemExit', 'SystemExit(3)', '3', (3,), [('code', None)])
BaseException UnicodeDecodeError => ('UnicodeDecodeError', 'UnicodeDecodeError()', '', (), [('reason', None), ('start', 0)])
BaseException ImportError => ('ImportError', 'ImportError()', '', (), [('msg', None), ('name', None), ('path', None)])
BaseException AttributeError => ('AttributeError', 'AttributeError()', '', (), [('name', None), ('obj', None)])
BaseException NameError => ('NameError', 'NameError()', '', (), [('name', None)])
BaseException ExceptionGroup => TypeError: BaseException.__new__(ExceptionGroup) is not safe, use ExceptionGroup.__new__()
BaseExceptionGroup ExceptionGroup => ('ExceptionGroup', "ExceptionGroup('m', [ValueError()])", 'm (1 sub-exception)', ('m', [ValueError()]), [('message', 'm'), ('exceptions', (ValueError(),))])
---- with a __new__() of a program's in between
5 6 7 TypeError: object.__new__(C) is not safe, use dict.__new__() TypeError: tuple.__new__(D): D is not a subtype of tuple 8 9 TypeError: float.__new__(A): A is not a subtype of float ValueError: invalid literal for int() with base 10: 'z' TypeError: object.__new__(A) is not safe, use int.__new__() 3 TypeError: int.__new__(): not enough arguments TypeError: int.__new__(X): X is not a type object (int) TypeError: int.__new__(str): str is not a subtype of int True TypeError: bool.__new__(int): int is not a subtype of bool
