with the first half => 1 '\ud83d' '\ud83d' 0 True False
and then the second => 1 '\U0001f600' '\U0001f600' 0 True False False True
what it was is as it was => 1 '\ud83d' '\ud83d' 0 True True True ['\ud83d']
something else after it => 2 '\ud83dy' '\ud83d' ['\ud83d', 'y'] 0
and still => 1 '\ud83d' 1 '\U0001f600' 2 '\ude00' 2
again => 2 2 '\U0001f600' 2 0 0
again => 3 3 '\U0001f600' 3 0 0
again => 4 4 '\U0001f600' 4 0 0
again => 5 5 '\U0001f600' 5 0 0
again => 6 6 '\U0001f600' 6 0 0
with the first half => 1 '\ud83d' '\ud83d' 0 True False
and then the second => 1 '\U0001f600' '\U0001f600' 0 True False False True
what it was is as it was => 1 '\ud83d' '\ud83d' 0 True True True ['\ud83d']
something else after it => 2 '\ud83dy' '\ud83d' ['\ud83d', 'y'] 0
and still => 1 '\ud83d' 1 '\U0001f600' 2 '\ude00' 2
again => 2 2 '\U0001f600' 2 0 0
again => 3 3 '\U0001f600' 3 0 0
again => 4 4 '\U0001f600' 4 0 0
again => 5 5 '\U0001f600' 5 0 0
again => 6 6 '\U0001f600' 6 0 0
with the first half => 1 '\ud83d' '\ud83d' 0 True False
and then the second => 1 '\U0001f600' '\U0001f600' 0 True False False True
what it was is as it was => 1 '\ud83d' '\ud83d' 0 True True True ['\ud83d']
something else after it => 2 '\ud83dy' '\ud83d' ['\ud83d', 'y'] 0
and still => 1 '\ud83d' 1 '\U0001f600' 2 '\ude00' 2
again => 2 2 '\U0001f600' 2 0 0
again => 3 3 '\U0001f600' 3 0 0
again => 4 4 '\U0001f600' 4 0 0
again => 5 5 '\U0001f600' 5 0 0
again => 6 6 '\U0001f600' 6 0 0
with the first half => 1 '\ud83d' '\ud83d' 0 True False
and then the second => 1 '\U0001f600' '\U0001f600' 0 True False False True
what it was is as it was => 1 '\ud83d' '\ud83d' 0 True True True ['\ud83d']
something else after it => 2 '\ud83dy' '\ud83d' ['\ud83d', 'y'] 0
and still => 1 '\ud83d' 1 '\U0001f600' 2 '\ude00' 2
again => 2 2 '\U0001f600' 2 0 0
again => 3 3 '\U0001f600' 3 0 0
again => 4 4 '\U0001f600' 4 0 0
again => 5 5 '\U0001f600' 5 0 0
again => 6 6 '\U0001f600' 6 0 0
with the first half => 1 '\ud83d' '\ud83d' 0 True False
and then the second => 1 '\U0001f600' '\U0001f600' 0 True False False True
what it was is as it was => 1 '\ud83d' '\ud83d' 0 True True True ['\ud83d']
something else after it => 2 '\ud83dy' '\ud83d' ['\ud83d', 'y'] 0
and still => 1 '\ud83d' 1 '\U0001f600' 2 '\ude00' 2
again => 2 2 '\U0001f600' 2 0 0
again => 3 3 '\U0001f600' 3 0 0
again => 4 4 '\U0001f600' 4 0 0
again => 5 5 '\U0001f600' 5 0 0
again => 6 6 '\U0001f600' 6 0 0
with the first half => 1 '\ud83d' '\ud83d' 0 True False
and then the second => 1 '\U0001f600' '\U0001f600' 0 True False False True
what it was is as it was => 1 '\ud83d' '\ud83d' 0 True True True ['\ud83d']
something else after it => 2 '\ud83dy' '\ud83d' ['\ud83d', 'y'] 0
and still => 1 '\ud83d' 1 '\U0001f600' 2 '\ude00' 2
again => 2 2 '\U0001f600' 2 0 0
again => 3 3 '\U0001f600' 3 0 0
again => 4 4 '\U0001f600' 4 0 0
again => 5 5 '\U0001f600' 5 0 0
again => 6 6 '\U0001f600' 6 0 0
with the first half => 1 '\ud83d' '\ud83d' 0 True False
and then the second => 1 '\U0001f600' '\U0001f600' 0 True False False True
what it was is as it was => 1 '\ud83d' '\ud83d' 0 True True True ['\ud83d']
something else after it => 2 '\ud83dy' '\ud83d' ['\ud83d', 'y'] 0
and still => 1 '\ud83d' 1 '\U0001f600' 2 '\ude00' 2
again => 2 2 '\U0001f600' 2 0 0
again => 3 3 '\U0001f600' 3 0 0
again => 4 4 '\U0001f600' 4 0 0
again => 5 5 '\U0001f600' 5 0 0
again => 6 6 '\U0001f600' 6 0 0
with the first half => 1 '\ud83d' '\ud83d' 0 True False
and then the second => 1 '\U0001f600' '\U0001f600' 0 True False False True
what it was is as it was => 1 '\ud83d' '\ud83d' 0 True True True ['\ud83d']
something else after it => 2 '\ud83dy' '\ud83d' ['\ud83d', 'y'] 0
and still => 1 '\ud83d' 1 '\U0001f600' 2 '\ude00' 2
again => 2 2 '\U0001f600' 2 0 0
again => 3 3 '\U0001f600' 3 0 0
again => 4 4 '\U0001f600' 4 0 0
again => 5 5 '\U0001f600' 5 0 0
again => 6 6 '\U0001f600' 6 0 0
with the first half => 1 '\ud83d' '\ud83d' 0 True False
and then the second => 1 '\U0001f600' '\U0001f600' 0 True False False True
what it was is as it was => 1 '\ud83d' '\ud83d' 0 True True True ['\ud83d']
something else after it => 2 '\ud83dy' '\ud83d' ['\ud83d', 'y'] 0
and still => 1 '\ud83d' 1 '\U0001f600' 2 '\ude00' 2
again => 2 2 '\U0001f600' 2 0 0
again => 3 3 '\U0001f600' 3 0 0
again => 4 4 '\U0001f600' 4 0 0
again => 5 5 '\U0001f600' 5 0 0
again => 6 6 '\U0001f600' 6 0 0
with the first half => 1 '\ud83d' '\ud83d' 0 True False
and then the second => 1 '\U0001f600' '\U0001f600' 0 True False False True
what it was is as it was => 1 '\ud83d' '\ud83d' 0 True True True ['\ud83d']
something else after it => 2 '\ud83dy' '\ud83d' ['\ud83d', 'y'] 0
and still => 1 '\ud83d' 1 '\U0001f600' 2 '\ude00' 2
again => 2 2 '\U0001f600' 2 0 0
again => 3 3 '\U0001f600' 3 0 0
again => 4 4 '\U0001f600' 4 0 0
again => 5 5 '\U0001f600' 5 0 0
again => 6 6 '\U0001f600' 6 0 0
