emptied while it is replaced, 1 => b'aX'
made shorter, 1 => [(2, 2)]
made longer, 1 => [(5, 10005)]
emptied while it is gone through, 1 => [([(1, 2)], bytearray(b''))]
made longer while it is gone through, 1 => [(2, 10005)]
emptied and filled again, 1 => [(b'aXz', 3)]
emptied while it is replaced, 3 => b'aX'
made shorter, 3 => [(4, 3)]
made longer, 3 => [(15, 30015)]
emptied while it is gone through, 3 => [([(1, 2)], bytearray(b''))]
made longer while it is gone through, 3 => [(6, 30015)]
emptied and filled again, 3 => [(b'aXzzXzzXz', 9)]
emptied while it is replaced, 40 => b'aX'
made shorter, 40 => [(12, 6)]
made longer, 40 => [(200, 100200)]
emptied while it is gone through, 40 => [([(1, 2)], bytearray(b''))]
made longer while it is gone through, 40 => [(80, 100200)]
emptied and filled again, 40 => [(b'aXzzXzzXzzXz', 120)]
emptied while it is replaced, 4000 => b'aX'
made shorter, 4000 => [(24, 19)]
made longer, 4000 => [(20000, 100000)]
emptied while it is gone through, 4000 => [([(1, 2)], bytearray(b''))]
made longer while it is gone through, 4000 => [(8000, 100000)]
emptied and filled again, 4000 => [(b'aXzzXzzXzzXz', 12000)]
by way of a view => [(b'aX', bytearray(b''))]
a match of what has gone => [(b'bc', None, b'', (b'',), (1, 3), "<re.Match object; span=(1, 3), match=b''>", b'[]')]
a scanner of what has gone => [((1, 2), None, None, None)]
split => [[b'a', b'c', b'd']]
a Uint8Array => ((1, 2), b'b', True)
part of one => ((1, 2), b'b', True)
an ArrayBuffer => ((1, 2), b'b', True)
a DataView => ((0, 1), b'b', True)
a Uint16Array => b'b',b'b',b'b'
a string => TypeError: cannot use a bytes pattern on a string-like object
a number => TypeError: expected string or bytes-like object, got 'int'
given away while it is replaced, 1 => b'aX',0
given away while it is gone through, 1 => (1, 2),0
its ArrayBuffer is asked for, 1 => 8
made shorter, 1 => b'aX',2
made longer, 1 => 8,50000
written over, 1 => 8
given away while it is replaced, 3 => b'aX',0
given away while it is gone through, 3 => (1, 2),0
its ArrayBuffer is asked for, 3 => 18
made shorter, 3 => b'aX',2
made longer, 3 => 18,50000
written over, 3 => 18
given away while it is replaced, 40 => b'aX',0
given away while it is gone through, 40 => (1, 2),0
its ArrayBuffer is asked for, 40 => 203
made shorter, 40 => b'aX',2
made longer, 40 => 203,50000
written over, 40 => 203
given away while it is replaced, 4000 => b'aX',0
given away while it is gone through, 4000 => (1, 2),0
its ArrayBuffer is asked for, 4000 => 20003
made shorter, 4000 => b'aX',2
made longer, 4000 => 20003,50000
written over, 4000 => 20003
